
> portfolio@0.0.0 build
> tsc -b && vite build

src/pages/ProjectsPage.tsx(13,11): error TS2503: Cannot find namespace 'JSX'.
